[WARN] The "pnpm" field in package.json is no longer read by pnpm. The following keys were ignored: "pnpm.onlyBuiltDependencies". See https://pnpm.io/settings for the new home of each setting.
$ vite build
[36mvite v8.0.16 [32mbuilding client environment for production...[36m[39m
[2Ktransforming...
[@tanstack/devtools-vite] Removed devtools code from: /src/routes/__root.tsx

[33m[plugin tanstack-start-core::server-fn:client] C:/Users/mukho/Downloads/letsgonew/src/features/itineraries/server/functions.ts:30:32 createServerFn().inputValidator() is deprecated. Use createServerFn().validator() instead.[39m
[33m[plugin tanstack-start-core::server-fn:client] C:/Users/mukho/Downloads/letsgonew/src/features/itineraries/server/functions.ts:78:32 createServerFn().inputValidator() is deprecated. Use createServerFn().validator() instead.[39m
[33m[plugin tanstack-start-core::server-fn:client] C:/Users/mukho/Downloads/letsgonew/src/features/itineraries/server/functions.ts:102:32 createServerFn().inputValidator() is deprecated. Use createServerFn().validator() instead.[39m
[33m[plugin tanstack-start-core::server-fn:client] C:/Users/mukho/Downloads/letsgonew/src/features/itineraries/server/functions.ts:129:32 createServerFn().inputValidator() is deprecated. Use createServerFn().validator() instead.[39m
[33m[plugin tanstack-start-core::server-fn:client] C:/Users/mukho/Downloads/letsgonew/src/features/clients/server/functions.ts:57:28 createServerFn().inputValidator() is deprecated. Use createServerFn().validator() instead.[39m
[33m[plugin tanstack-start-core::server-fn:client] C:/Users/mukho/Downloads/letsgonew/src/features/clients/server/functions.ts:89:29 createServerFn().inputValidator() is deprecated. Use createServerFn().validator() instead.[39m
[33m[plugin tanstack-start-core::server-fn:client] C:/Users/mukho/Downloads/letsgonew/src/features/clients/server/functions.ts:136:40 createServerFn().inputValidator() is deprecated. Use createServerFn().validator() instead.[39m
[33m[plugin tanstack-start-core::server-fn:client] C:/Users/mukho/Downloads/letsgonew/src/features/clients/server/functions.ts:174:29 createServerFn().inputValidator() is deprecated. Use createServerFn().validator() instead.[39m
[33m[plugin tanstack-start-core::server-fn:client] C:/Users/mukho/Downloads/letsgonew/src/features/clients/server/functions.ts:197:29 createServerFn().inputValidator() is deprecated. Use createServerFn().validator() instead.[39m
[33m[plugin tanstack-start-core::server-fn:client] C:/Users/mukho/Downloads/letsgonew/src/features/tour-attendees/server/functions.ts:31:28 createServerFn().inputValidator() is deprecated. Use createServerFn().validator() instead.[39m
[33m[plugin tanstack-start-core::server-fn:client] C:/Users/mukho/Downloads/letsgonew/src/features/tour-attendees/server/functions.ts:53:34 createServerFn().inputValidator() is deprecated. Use createServerFn().validator() instead.[39m
[33m[plugin tanstack-start-core::server-fn:client] C:/Users/mukho/Downloads/letsgonew/src/features/tour-attendees/server/functions.ts:79:35 createServerFn().inputValidator() is deprecated. Use createServerFn().validator() instead.[39m
[33m[plugin tanstack-start-core::server-fn:client] C:/Users/mukho/Downloads/letsgonew/src/features/tour-attendees/server/functions.ts:127:35 createServerFn().inputValidator() is deprecated. Use createServerFn().validator() instead.[39m
[33m[plugin tanstack-start-core::server-fn:client] C:/Users/mukho/Downloads/letsgonew/src/features/tours/server/functions.ts:34:26 createServerFn().inputValidator() is deprecated. Use createServerFn().validator() instead.[39m
[33m[plugin tanstack-start-core::server-fn:client] C:/Users/mukho/Downloads/letsgonew/src/features/tours/server/functions.ts:81:27 createServerFn().inputValidator() is deprecated. Use createServerFn().validator() instead.[39m
[33m[plugin tanstack-start-core::server-fn:client] C:/Users/mukho/Downloads/letsgonew/src/features/tours/server/functions.ts:93:27 createServerFn().inputValidator() is deprecated. Use createServerFn().validator() instead.[39m
[33m[plugin tanstack-start-core::server-fn:client] C:/Users/mukho/Downloads/letsgonew/src/features/tours/server/functions.ts:110:27 createServerFn().inputValidator() is deprecated. Use createServerFn().validator() instead.[39m
[33m[plugin tanstack-start-core::server-fn:client] C:/Users/mukho/Downloads/letsgonew/src/features/client-bookings/server/functions.ts:8:30 createServerFn().inputValidator() is deprecated. Use createServerFn().validator() instead.[39m
[33m[plugin tanstack-start-core::server-fn:client] C:/Users/mukho/Downloads/letsgonew/src/features/client-bookings/server/functions.ts:30:35 createServerFn().inputValidator() is deprecated. Use createServerFn().validator() instead.[39m
[33m[plugin tanstack-start-core::server-fn:client] C:/Users/mukho/Downloads/letsgonew/src/features/client-bookings/server/functions.ts:72:44 createServerFn().inputValidator() is deprecated. Use createServerFn().validator() instead.[39m
[33m[plugin tanstack-start-core::server-fn:client] C:/Users/mukho/Downloads/letsgonew/src/features/reminders/server/functions.ts:34:34 createServerFn().inputValidator() is deprecated. Use createServerFn().validator() instead.[39m
[33m[plugin tanstack-start-core::server-fn:client] C:/Users/mukho/Downloads/letsgonew/src/features/reminders/server/functions.ts:56:31 createServerFn().inputValidator() is deprecated. Use createServerFn().validator() instead.[39m
[33m[plugin tanstack-start-core::server-fn:client] C:/Users/mukho/Downloads/letsgonew/src/features/reminders/server/functions.ts:67:31 createServerFn().inputValidator() is deprecated. Use createServerFn().validator() instead.[39m
[33m[plugin tanstack-start-core::server-fn:client] C:/Users/mukho/Downloads/letsgonew/src/features/reminders/server/functions.ts:88:31 createServerFn().inputValidator() is deprecated. Use createServerFn().validator() instead.[39m
[33m[plugin tanstack-start-core::server-fn:client] C:/Users/mukho/Downloads/letsgonew/src/features/reminders/server/functions.ts:105:33 createServerFn().inputValidator() is deprecated. Use createServerFn().validator() instead.[39m
[33m[plugin tanstack-start-core::server-fn:client] C:/Users/mukho/Downloads/letsgonew/src/features/reminders/server/functions.ts:122:35 createServerFn().inputValidator() is deprecated. Use createServerFn().validator() instead.[39m
[33m[plugin tanstack-start-core::server-fn:client] C:/Users/mukho/Downloads/letsgonew/src/features/bookings/server/functions.ts:17:34 createServerFn().inputValidator() is deprecated. Use createServerFn().validator() instead.[39m
[33m[plugin tanstack-start-core::server-fn:client] C:/Users/mukho/Downloads/letsgonew/src/features/bookings/server/functions.ts:58:29 createServerFn().inputValidator() is deprecated. Use createServerFn().validator() instead.[39m
[33m[plugin tanstack-start-core::server-fn:client] C:/Users/mukho/Downloads/letsgonew/src/features/bookings/server/functions.ts:69:29 createServerFn().inputValidator() is deprecated. Use createServerFn().validator() instead.[39m
[33m[plugin tanstack-start-core::server-fn:client] C:/Users/mukho/Downloads/letsgonew/src/features/bookings/server/functions.ts:84:30 createServerFn().inputValidator() is deprecated. Use createServerFn().validator() instead.[39m
[33m[plugin tanstack-start-core::server-fn:client] C:/Users/mukho/Downloads/letsgonew/src/features/bookings/server/functions.ts:102:30 createServerFn().inputValidator() is deprecated. Use createServerFn().validator() instead.[39m
[33m[plugin tanstack-start-core::server-fn:client] C:/Users/mukho/Downloads/letsgonew/src/features/bookings/server/functions.ts:121:30 createServerFn().inputValidator() is deprecated. Use createServerFn().validator() instead.[39m
[33m[plugin tanstack-start-core::server-fn:client] C:/Users/mukho/Downloads/letsgonew/src/features/bookings/server/functions.ts:129:30 createServerFn().inputValidator() is deprecated. Use createServerFn().validator() instead.[39m
[33m[plugin tanstack-start-core::server-fn:client] C:/Users/mukho/Downloads/letsgonew/src/features/bookings/server/functions.ts:161:30 createServerFn().inputValidator() is deprecated. Use createServerFn().validator() instead.[39m
[33m[plugin tanstack-start-core::server-fn:client] C:/Users/mukho/Downloads/letsgonew/src/features/bookings/server/functions.ts:202:30 createServerFn().inputValidator() is deprecated. Use createServerFn().validator() instead.[39m
✓ 3683 modules transformed.
rendering chunks...
computing gzip size...
.output/public/assets/geist-cyrillic-ext-wght-normal-DjL33-gN.woff2    7.42 kB
.output/public/assets/geist-vietnamese-wght-normal-6IgcOCM7.woff2      8.00 kB
.output/public/assets/geist-cyrillic-wght-normal-BEAKL7Jp.woff2       15.08 kB
.output/public/assets/geist-latin-ext-wght-normal-DC-KSUi6.woff2      16.51 kB
.output/public/assets/geist-latin-wght-normal-BgDaEnEv.woff2          29.40 kB
.output/public/assets/styles-bXVkC58D.css                             97.72 kB │ gzip:  16.05 kB
.output/public/assets/root-DLTE-HSj.js                                 0.03 kB │ gzip:   0.05 kB
.output/public/assets/404-CO7utJrA.js                                  0.07 kB │ gzip:   0.08 kB
.output/public/assets/500-CczywtoY.js                                  0.07 kB │ gzip:   0.08 kB
.output/public/assets/403-j-NvI7XS.js                                  0.08 kB │ gzip:   0.09 kB
.output/public/assets/400-DlTTWkqi.js                                  0.08 kB │ gzip:   0.09 kB
.output/public/assets/503-D77gwikb.js                                  0.08 kB │ gzip:   0.09 kB
.output/public/assets/401-D1XyclSd.js                                  0.08 kB │ gzip:   0.09 kB
.output/public/assets/429-C2fiORYU.js                                  0.08 kB │ gzip:   0.10 kB
.output/public/assets/useRouter-DJWOoCEu.js                            0.14 kB │ gzip:   0.14 kB
.output/public/assets/main-Cqr1BRNV.js                                 0.19 kB │ gzip:   0.17 kB
.output/public/assets/skeleton-D_ePdvNY.js                             0.20 kB │ gzip:   0.17 kB
.output/public/assets/ellipsis-DuV9o9PN.js                             0.21 kB │ gzip:   0.15 kB
.output/public/assets/log-out-DGOX-iTv.js                              0.21 kB │ gzip:   0.18 kB
.output/public/assets/plus-fqNPIes6.js                                 0.21 kB │ gzip:   0.18 kB
.output/public/assets/useNavigate-CYkM_430.js                          0.22 kB │ gzip:   0.18 kB
.output/public/assets/bookings_._attendeeId.vouchers-Bu3-ytpf.js       0.23 kB │ gzip:   0.18 kB
.output/public/assets/spinner-DjjEvrRx.js                              0.23 kB │ gzip:   0.20 kB
.output/public/assets/bookings_._attendeeId.receipts-BfkBpt81.js       0.24 kB │ gzip:   0.19 kB
.output/public/assets/calendar-Cwg0zE7f.js                             0.24 kB │ gzip:   0.19 kB
.output/public/assets/users-KPz3oUkw.js                                0.29 kB │ gzip:   0.21 kB
.output/public/assets/forbidden-error-CWLhb7Ji.js                      0.31 kB │ gzip:   0.24 kB
.output/public/assets/bad-request-error-CKZDnogG.js                    0.31 kB │ gzip:   0.25 kB
.output/public/assets/too-many-requests-error-BE9v38td.js              0.32 kB │ gzip:   0.25 kB
.output/public/assets/maintenance-error-CsBW6JNE.js                    0.36 kB │ gzip:   0.28 kB
.output/public/assets/unauthorized-error-CHdMSFzF.js                   0.37 kB │ gzip:   0.28 kB
.output/public/assets/eye-off-ZznUMXtX.js                              0.41 kB │ gzip:   0.26 kB
.output/public/assets/redirect-C-eRQtnH.js                             0.55 kB │ gzip:   0.33 kB
.output/public/assets/_error-D18mfCPg.js                               0.58 kB │ gzip:   0.33 kB
.output/public/assets/utils-B8fL8PDJ.js                                0.60 kB │ gzip:   0.35 kB
.output/public/assets/badge--9sKbYex.js                                0.63 kB │ gzip:   0.35 kB
.output/public/assets/textarea-w3nRoXyd.js                             0.72 kB │ gzip:   0.39 kB
.output/public/assets/masterkey-dialog-D9UCugv4.js                     0.92 kB │ gzip:   0.52 kB
.output/public/assets/offline-CM6URiub.js                              1.25 kB │ gzip:   0.61 kB
.output/public/assets/card-5pEqxgRJ.js                                 1.59 kB │ gzip:   0.58 kB
.output/public/assets/with-selector-BlmI59Oj.js                        1.67 kB │ gzip:   0.75 kB
.output/public/assets/use-clients-BCphsaUW.js                          1.82 kB │ gzip:   0.78 kB
.output/public/assets/login-IHlyv40W.js                                2.82 kB │ gzip:   1.29 kB
.output/public/assets/field-t_OQT5Vp.js                                2.97 kB │ gzip:   1.11 kB
.output/public/assets/input-group-BkMkhYvC.js                          3.04 kB │ gzip:   1.07 kB
.output/public/assets/react-dom-DxFEp2cD.js                            3.54 kB │ gzip:   1.34 kB
.output/public/assets/_authenticated-BUWf9V1k.js                       3.63 kB │ gzip:   1.41 kB
.output/public/assets/useStore-DtNXy86P.js                             3.90 kB │ gzip:   1.76 kB
.output/public/assets/settings-DvafZM2S.js                             4.33 kB │ gzip:   1.49 kB
.output/public/assets/client-sheet-XoHEEP4G.js                         4.34 kB │ gzip:   1.49 kB
.output/public/assets/input-C-bEw3zH.js                                5.25 kB │ gzip:   2.32 kB
.output/public/assets/reminders-CGJ9k9lc.js                            6.33 kB │ gzip:   2.17 kB
.output/public/assets/tour-attendee-sheet-Db1C-3E2.js                  6.96 kB │ gzip:   2.26 kB
.output/public/assets/useQuery-CTnRglwF.js                             8.79 kB │ gzip:   3.21 kB
.output/public/assets/tours_._tourId-B4q99QVg.js                      11.21 kB │ gzip:   3.42 kB
.output/public/assets/button-OEbGfKx_.js                              11.82 kB │ gzip:   4.63 kB
.output/public/assets/clients_._clientId-7EuNi6Re.js                  12.18 kB │ gzip:   3.75 kB
.output/public/assets/tours-BcUzuBij.js                               15.04 kB │ gzip:   4.82 kB
.output/public/assets/sheet-BDWwZdQU.js                               16.47 kB │ gzip:   6.26 kB
.output/public/assets/clients-D4h3pva4.js                             17.20 kB │ gzip:   5.45 kB
.output/public/assets/link-pk6Vn1i0.js                                17.51 kB │ gzip:   6.55 kB
.output/public/assets/route-Bl3qiZCO.js                               19.86 kB │ gzip:   6.73 kB
.output/public/assets/itineraries-CpOooO87.js                         23.28 kB │ gzip:   7.57 kB
.output/public/assets/dropdown-menu-FTbOdxE5.js                       26.03 kB │ gzip:   8.70 kB
.output/public/assets/auth-client-DxSzBn3_.js                         28.13 kB │ gzip:  10.57 kB
.output/public/assets/useBaseUiId-aKYPlw34.js                         33.90 kB │ gzip:   9.75 kB
.output/public/assets/utils-DQ8uTClE.js                               36.42 kB │ gzip:  12.12 kB
.output/public/assets/bookings-BxbOu0lS.js                            39.99 kB │ gzip:   9.45 kB
.output/public/assets/lib-BAxRKmM0.js                                 46.90 kB │ gzip:  12.37 kB
.output/public/assets/use-reminders-DfIChv1Z.js                       50.51 kB │ gzip:  12.77 kB
.output/public/assets/useForm-lNbsEqHI.js                             63.32 kB │ gzip:  15.53 kB
.output/public/assets/popover-DpMGIeHn.js                             82.98 kB │ gzip:  25.06 kB
.output/public/assets/table-CHnN38c-.js                              100.28 kB │ gzip:  29.67 kB
.output/public/assets/index-XnRG0Ytp.js                              442.17 kB │ gzip: 140.81 kB
.output/public/assets/dist-CPU6X9oe.js                               948.04 kB │ gzip: 242.31 kB

[32m✓ built in 10.62s[39m
[33m[plugin builtin:vite-reporter] 
(!) Some chunks are larger than 500 kB after minification. Consider:
- Using dynamic import() to code-split the application
- Use build.rolldownOptions.output.codeSplitting to improve chunking: https://rolldown.rs/reference/OutputOptions.codeSplitting
- Adjust chunk size limit for this warning via build.chunkSizeWarningLimit.[39m
[36mvite v8.0.16 [32mbuilding ssr environment for production...[36m[39m
[2Ktransforming...
[@tanstack/devtools-vite] Removed devtools code from: /src/routes/__root.tsx

[33m[plugin tanstack-start-core::server-fn:ssr] C:/Users/mukho/Downloads/letsgonew/src/features/tour-attendees/server/functions.ts?tss-serverfn-split:31:28 createServerFn().inputValidator() is deprecated. Use createServerFn().validator() instead.[39m
[33m[plugin tanstack-start-core::server-fn:ssr] C:/Users/mukho/Downloads/letsgonew/src/features/tour-attendees/server/functions.ts?tss-serverfn-split:53:34 createServerFn().inputValidator() is deprecated. Use createServerFn().validator() instead.[39m
[33m[plugin tanstack-start-core::server-fn:ssr] C:/Users/mukho/Downloads/letsgonew/src/features/tour-attendees/server/functions.ts?tss-serverfn-split:79:35 createServerFn().inputValidator() is deprecated. Use createServerFn().validator() instead.[39m
[33m[plugin tanstack-start-core::server-fn:ssr] C:/Users/mukho/Downloads/letsgonew/src/features/tour-attendees/server/functions.ts?tss-serverfn-split:127:35 createServerFn().inputValidator() is deprecated. Use createServerFn().validator() instead.[39m
[33m[plugin tanstack-start-core::server-fn:ssr] C:/Users/mukho/Downloads/letsgonew/src/features/itineraries/server/functions.ts?tss-serverfn-split:30:32 createServerFn().inputValidator() is deprecated. Use createServerFn().validator() instead.[39m
[33m[plugin tanstack-start-core::server-fn:ssr] C:/Users/mukho/Downloads/letsgonew/src/features/itineraries/server/functions.ts?tss-serverfn-split:78:32 createServerFn().inputValidator() is deprecated. Use createServerFn().validator() instead.[39m
[33m[plugin tanstack-start-core::server-fn:ssr] C:/Users/mukho/Downloads/letsgonew/src/features/itineraries/server/functions.ts?tss-serverfn-split:102:32 createServerFn().inputValidator() is deprecated. Use createServerFn().validator() instead.[39m
[33m[plugin tanstack-start-core::server-fn:ssr] C:/Users/mukho/Downloads/letsgonew/src/features/itineraries/server/functions.ts?tss-serverfn-split:129:32 createServerFn().inputValidator() is deprecated. Use createServerFn().validator() instead.[39m
[33m[plugin tanstack-start-core::server-fn:ssr] C:/Users/mukho/Downloads/letsgonew/src/features/tours/server/functions.ts?tss-serverfn-split:34:26 createServerFn().inputValidator() is deprecated. Use createServerFn().validator() instead.[39m
[33m[plugin tanstack-start-core::server-fn:ssr] C:/Users/mukho/Downloads/letsgonew/src/features/tours/server/functions.ts?tss-serverfn-split:81:27 createServerFn().inputValidator() is deprecated. Use createServerFn().validator() instead.[39m
[33m[plugin tanstack-start-core::server-fn:ssr] C:/Users/mukho/Downloads/letsgonew/src/features/tours/server/functions.ts?tss-serverfn-split:93:27 createServerFn().inputValidator() is deprecated. Use createServerFn().validator() instead.[39m
[33m[plugin tanstack-start-core::server-fn:ssr] C:/Users/mukho/Downloads/letsgonew/src/features/tours/server/functions.ts?tss-serverfn-split:110:27 createServerFn().inputValidator() is deprecated. Use createServerFn().validator() instead.[39m
[33m[plugin tanstack-start-core::server-fn:ssr] C:/Users/mukho/Downloads/letsgonew/src/features/client-bookings/server/functions.ts?tss-serverfn-split:8:30 createServerFn().inputValidator() is deprecated. Use createServerFn().validator() instead.[39m
[33m[plugin tanstack-start-core::server-fn:ssr] C:/Users/mukho/Downloads/letsgonew/src/features/client-bookings/server/functions.ts?tss-serverfn-split:30:35 createServerFn().inputValidator() is deprecated. Use createServerFn().validator() instead.[39m
[33m[plugin tanstack-start-core::server-fn:ssr] C:/Users/mukho/Downloads/letsgonew/src/features/client-bookings/server/functions.ts?tss-serverfn-split:72:44 createServerFn().inputValidator() is deprecated. Use createServerFn().validator() instead.[39m
[33m[plugin tanstack-start-core::server-fn:ssr] C:/Users/mukho/Downloads/letsgonew/src/features/clients/server/functions.ts?tss-serverfn-split:57:28 createServerFn().inputValidator() is deprecated. Use createServerFn().validator() instead.[39m
[33m[plugin tanstack-start-core::server-fn:ssr] C:/Users/mukho/Downloads/letsgonew/src/features/clients/server/functions.ts?tss-serverfn-split:89:29 createServerFn().inputValidator() is deprecated. Use createServerFn().validator() instead.[39m
[33m[plugin tanstack-start-core::server-fn:ssr] C:/Users/mukho/Downloads/letsgonew/src/features/clients/server/functions.ts?tss-serverfn-split:136:40 createServerFn().inputValidator() is deprecated. Use createServerFn().validator() instead.[39m
[33m[plugin tanstack-start-core::server-fn:ssr] C:/Users/mukho/Downloads/letsgonew/src/features/clients/server/functions.ts?tss-serverfn-split:174:29 createServerFn().inputValidator() is deprecated. Use createServerFn().validator() instead.[39m
[33m[plugin tanstack-start-core::server-fn:ssr] C:/Users/mukho/Downloads/letsgonew/src/features/clients/server/functions.ts?tss-serverfn-split:197:29 createServerFn().inputValidator() is deprecated. Use createServerFn().validator() instead.[39m
[33m[plugin tanstack-start-core::server-fn:ssr] C:/Users/mukho/Downloads/letsgonew/src/features/bookings/server/functions.ts?tss-serverfn-split:17:34 createServerFn().inputValidator() is deprecated. Use createServerFn().validator() instead.[39m
[33m[plugin tanstack-start-core::server-fn:ssr] C:/Users/mukho/Downloads/letsgonew/src/features/bookings/server/functions.ts?tss-serverfn-split:58:29 createServerFn().inputValidator() is deprecated. Use createServerFn().validator() instead.[39m
[33m[plugin tanstack-start-core::server-fn:ssr] C:/Users/mukho/Downloads/letsgonew/src/features/bookings/server/functions.ts?tss-serverfn-split:69:29 createServerFn().inputValidator() is deprecated. Use createServerFn().validator() instead.[39m
[33m[plugin tanstack-start-core::server-fn:ssr] C:/Users/mukho/Downloads/letsgonew/src/features/bookings/server/functions.ts?tss-serverfn-split:84:30 createServerFn().inputValidator() is deprecated. Use createServerFn().validator() instead.[39m
[33m[plugin tanstack-start-core::server-fn:ssr] C:/Users/mukho/Downloads/letsgonew/src/features/bookings/server/functions.ts?tss-serverfn-split:102:30 createServerFn().inputValidator() is deprecated. Use createServerFn().validator() instead.[39m
[33m[plugin tanstack-start-core::server-fn:ssr] C:/Users/mukho/Downloads/letsgonew/src/features/bookings/server/functions.ts?tss-serverfn-split:121:30 createServerFn().inputValidator() is deprecated. Use createServerFn().validator() instead.[39m
[33m[plugin tanstack-start-core::server-fn:ssr] C:/Users/mukho/Downloads/letsgonew/src/features/bookings/server/functions.ts?tss-serverfn-split:129:30 createServerFn().inputValidator() is deprecated. Use createServerFn().validator() instead.[39m
[33m[plugin tanstack-start-core::server-fn:ssr] C:/Users/mukho/Downloads/letsgonew/src/features/bookings/server/functions.ts?tss-serverfn-split:161:30 createServerFn().inputValidator() is deprecated. Use createServerFn().validator() instead.[39m
[33m[plugin tanstack-start-core::server-fn:ssr] C:/Users/mukho/Downloads/letsgonew/src/features/bookings/server/functions.ts?tss-serverfn-split:202:30 createServerFn().inputValidator() is deprecated. Use createServerFn().validator() instead.[39m
[33m[plugin tanstack-start-core::server-fn:ssr] C:/Users/mukho/Downloads/letsgonew/src/features/reminders/server/functions.ts?tss-serverfn-split:34:34 createServerFn().inputValidator() is deprecated. Use createServerFn().validator() instead.[39m
[33m[plugin tanstack-start-core::server-fn:ssr] C:/Users/mukho/Downloads/letsgonew/src/features/reminders/server/functions.ts?tss-serverfn-split:56:31 createServerFn().inputValidator() is deprecated. Use createServerFn().validator() instead.[39m
[33m[plugin tanstack-start-core::server-fn:ssr] C:/Users/mukho/Downloads/letsgonew/src/features/reminders/server/functions.ts?tss-serverfn-split:67:31 createServerFn().inputValidator() is deprecated. Use createServerFn().validator() instead.[39m
[33m[plugin tanstack-start-core::server-fn:ssr] C:/Users/mukho/Downloads/letsgonew/src/features/reminders/server/functions.ts?tss-serverfn-split:88:31 createServerFn().inputValidator() is deprecated. Use createServerFn().validator() instead.[39m
[33m[plugin tanstack-start-core::server-fn:ssr] C:/Users/mukho/Downloads/letsgonew/src/features/reminders/server/functions.ts?tss-serverfn-split:105:33 createServerFn().inputValidator() is deprecated. Use createServerFn().validator() instead.[39m
[33m[plugin tanstack-start-core::server-fn:ssr] C:/Users/mukho/Downloads/letsgonew/src/features/reminders/server/functions.ts?tss-serverfn-split:122:35 createServerFn().inputValidator() is deprecated. Use createServerFn().validator() instead.[39m
[33m[plugin tanstack-start-core::server-fn:ssr] C:/Users/mukho/Downloads/letsgonew/src/features/reminders/server/functions.ts:34:34 createServerFn().inputValidator() is deprecated. Use createServerFn().validator() instead.[39m
[33m[plugin tanstack-start-core::server-fn:ssr] C:/Users/mukho/Downloads/letsgonew/src/features/reminders/server/functions.ts:56:31 createServerFn().inputValidator() is deprecated. Use createServerFn().validator() instead.[39m
[33m[plugin tanstack-start-core::server-fn:ssr] C:/Users/mukho/Downloads/letsgonew/src/features/reminders/server/functions.ts:67:31 createServerFn().inputValidator() is deprecated. Use createServerFn().validator() instead.[39m
[33m[plugin tanstack-start-core::server-fn:ssr] C:/Users/mukho/Downloads/letsgonew/src/features/reminders/server/functions.ts:88:31 createServerFn().inputValidator() is deprecated. Use createServerFn().validator() instead.[39m
[33m[plugin tanstack-start-core::server-fn:ssr] C:/Users/mukho/Downloads/letsgonew/src/features/reminders/server/functions.ts:105:33 createServerFn().inputValidator() is deprecated. Use createServerFn().validator() instead.[39m
[33m[plugin tanstack-start-core::server-fn:ssr] C:/Users/mukho/Downloads/letsgonew/src/features/reminders/server/functions.ts:122:35 createServerFn().inputValidator() is deprecated. Use createServerFn().validator() instead.[39m
[33m[plugin tanstack-start-core::server-fn:ssr] C:/Users/mukho/Downloads/letsgonew/src/features/tours/server/functions.ts:34:26 createServerFn().inputValidator() is deprecated. Use createServerFn().validator() instead.[39m
[33m[plugin tanstack-start-core::server-fn:ssr] C:/Users/mukho/Downloads/letsgonew/src/features/tours/server/functions.ts:81:27 createServerFn().inputValidator() is deprecated. Use createServerFn().validator() instead.[39m
[33m[plugin tanstack-start-core::server-fn:ssr] C:/Users/mukho/Downloads/letsgonew/src/features/tours/server/functions.ts:93:27 createServerFn().inputValidator() is deprecated. Use createServerFn().validator() instead.[39m
[33m[plugin tanstack-start-core::server-fn:ssr] C:/Users/mukho/Downloads/letsgonew/src/features/tours/server/functions.ts:110:27 createServerFn().inputValidator() is deprecated. Use createServerFn().validator() instead.[39m
[33m[plugin tanstack-start-core::server-fn:ssr] C:/Users/mukho/Downloads/letsgonew/src/features/itineraries/server/functions.ts:30:32 createServerFn().inputValidator() is deprecated. Use createServerFn().validator() instead.[39m
[33m[plugin tanstack-start-core::server-fn:ssr] C:/Users/mukho/Downloads/letsgonew/src/features/itineraries/server/functions.ts:78:32 createServerFn().inputValidator() is deprecated. Use createServerFn().validator() instead.[39m
[33m[plugin tanstack-start-core::server-fn:ssr] C:/Users/mukho/Downloads/letsgonew/src/features/itineraries/server/functions.ts:102:32 createServerFn().inputValidator() is deprecated. Use createServerFn().validator() instead.[39m
[33m[plugin tanstack-start-core::server-fn:ssr] C:/Users/mukho/Downloads/letsgonew/src/features/itineraries/server/functions.ts:129:32 createServerFn().inputValidator() is deprecated. Use createServerFn().validator() instead.[39m
[33m[plugin tanstack-start-core::server-fn:ssr] C:/Users/mukho/Downloads/letsgonew/src/features/tour-attendees/server/functions.ts:31:28 createServerFn().inputValidator() is deprecated. Use createServerFn().validator() instead.[39m
[33m[plugin tanstack-start-core::server-fn:ssr] C:/Users/mukho/Downloads/letsgonew/src/features/tour-attendees/server/functions.ts:53:34 createServerFn().inputValidator() is deprecated. Use createServerFn().validator() instead.[39m
[33m[plugin tanstack-start-core::server-fn:ssr] C:/Users/mukho/Downloads/letsgonew/src/features/tour-attendees/server/functions.ts:79:35 createServerFn().inputValidator() is deprecated. Use createServerFn().validator() instead.[39m
[33m[plugin tanstack-start-core::server-fn:ssr] C:/Users/mukho/Downloads/letsgonew/src/features/tour-attendees/server/functions.ts:127:35 createServerFn().inputValidator() is deprecated. Use createServerFn().validator() instead.[39m
[33m[plugin tanstack-start-core::server-fn:ssr] C:/Users/mukho/Downloads/letsgonew/src/features/clients/server/functions.ts:57:28 createServerFn().inputValidator() is deprecated. Use createServerFn().validator() instead.[39m
[33m[plugin tanstack-start-core::server-fn:ssr] C:/Users/mukho/Downloads/letsgonew/src/features/clients/server/functions.ts:89:29 createServerFn().inputValidator() is deprecated. Use createServerFn().validator() instead.[39m
[33m[plugin tanstack-start-core::server-fn:ssr] C:/Users/mukho/Downloads/letsgonew/src/features/clients/server/functions.ts:136:40 createServerFn().inputValidator() is deprecated. Use createServerFn().validator() instead.[39m
[33m[plugin tanstack-start-core::server-fn:ssr] C:/Users/mukho/Downloads/letsgonew/src/features/clients/server/functions.ts:174:29 createServerFn().inputValidator() is deprecated. Use createServerFn().validator() instead.[39m
[33m[plugin tanstack-start-core::server-fn:ssr] C:/Users/mukho/Downloads/letsgonew/src/features/clients/server/functions.ts:197:29 createServerFn().inputValidator() is deprecated. Use createServerFn().validator() instead.[39m
[33m[plugin tanstack-start-core::server-fn:ssr] C:/Users/mukho/Downloads/letsgonew/src/features/client-bookings/server/functions.ts:8:30 createServerFn().inputValidator() is deprecated. Use createServerFn().validator() instead.[39m
[33m[plugin tanstack-start-core::server-fn:ssr] C:/Users/mukho/Downloads/letsgonew/src/features/client-bookings/server/functions.ts:30:35 createServerFn().inputValidator() is deprecated. Use createServerFn().validator() instead.[39m
[33m[plugin tanstack-start-core::server-fn:ssr] C:/Users/mukho/Downloads/letsgonew/src/features/client-bookings/server/functions.ts:72:44 createServerFn().inputValidator() is deprecated. Use createServerFn().validator() instead.[39m
[33m[plugin tanstack-start-core::server-fn:ssr] C:/Users/mukho/Downloads/letsgonew/src/features/bookings/server/functions.ts:17:34 createServerFn().inputValidator() is deprecated. Use createServerFn().validator() instead.[39m
[33m[plugin tanstack-start-core::server-fn:ssr] C:/Users/mukho/Downloads/letsgonew/src/features/bookings/server/functions.ts:58:29 createServerFn().inputValidator() is deprecated. Use createServerFn().validator() instead.[39m
[33m[plugin tanstack-start-core::server-fn:ssr] C:/Users/mukho/Downloads/letsgonew/src/features/bookings/server/functions.ts:69:29 createServerFn().inputValidator() is deprecated. Use createServerFn().validator() instead.[39m
[33m[plugin tanstack-start-core::server-fn:ssr] C:/Users/mukho/Downloads/letsgonew/src/features/bookings/server/functions.ts:84:30 createServerFn().inputValidator() is deprecated. Use createServerFn().validator() instead.[39m
[33m[plugin tanstack-start-core::server-fn:ssr] C:/Users/mukho/Downloads/letsgonew/src/features/bookings/server/functions.ts:102:30 createServerFn().inputValidator() is deprecated. Use createServerFn().validator() instead.[39m
[33m[plugin tanstack-start-core::server-fn:ssr] C:/Users/mukho/Downloads/letsgonew/src/features/bookings/server/functions.ts:121:30 createServerFn().inputValidator() is deprecated. Use createServerFn().validator() instead.[39m
[33m[plugin tanstack-start-core::server-fn:ssr] C:/Users/mukho/Downloads/letsgonew/src/features/bookings/server/functions.ts:129:30 createServerFn().inputValidator() is deprecated. Use createServerFn().validator() instead.[39m
[33m[plugin tanstack-start-core::server-fn:ssr] C:/Users/mukho/Downloads/letsgonew/src/features/bookings/server/functions.ts:161:30 createServerFn().inputValidator() is deprecated. Use createServerFn().validator() instead.[39m
[33m[plugin tanstack-start-core::server-fn:ssr] C:/Users/mukho/Downloads/letsgonew/src/features/bookings/server/functions.ts:202:30 createServerFn().inputValidator() is deprecated. Use createServerFn().validator() instead.[39m
✓ 2580 modules transformed.
rendering chunks...
computing gzip size...
node_modules/.nitro/vite/services/ssr/assets/geist-cyrillic-ext-wght-normal-DjL33-gN.woff2    7.42 kB
node_modules/.nitro/vite/services/ssr/assets/geist-vietnamese-wght-normal-6IgcOCM7.woff2      8.00 kB
node_modules/.nitro/vite/services/ssr/assets/geist-cyrillic-wght-normal-BEAKL7Jp.woff2       15.08 kB
node_modules/.nitro/vite/services/ssr/assets/geist-latin-ext-wght-normal-DC-KSUi6.woff2      16.51 kB
node_modules/.nitro/vite/services/ssr/assets/geist-latin-wght-normal-BgDaEnEv.woff2          29.40 kB
node_modules/.nitro/vite/services/ssr/assets/styles-bXVkC58D.css                             97.72 kB │ gzip:  16.05 kB
node_modules/.nitro/vite/services/ssr/assets/kysely-adapter-BKPRfIZM.js                       0.13 kB │ gzip:   0.10 kB
node_modules/.nitro/vite/services/ssr/assets/utils-C_uf36nf.js                                0.18 kB │ gzip:   0.15 kB
node_modules/.nitro/vite/services/ssr/assets/500-DilwYoJH.js                                  0.21 kB │ gzip:   0.16 kB
node_modules/.nitro/vite/services/ssr/assets/404-DMukermB.js                                  0.21 kB │ gzip:   0.16 kB
node_modules/.nitro/vite/services/ssr/assets/403-Ds8QJYYk.js                                  0.21 kB │ gzip:   0.16 kB
node_modules/.nitro/vite/services/ssr/assets/400-CFxoXmVx.js                                  0.22 kB │ gzip:   0.16 kB
node_modules/.nitro/vite/services/ssr/assets/503-BZm5abGM.js                                  0.22 kB │ gzip:   0.16 kB
node_modules/.nitro/vite/services/ssr/assets/401-CZAK_Xqe.js                                  0.22 kB │ gzip:   0.16 kB
node_modules/.nitro/vite/services/ssr/assets/start-CkKQdpwB.js                                0.22 kB │ gzip:   0.17 kB
node_modules/.nitro/vite/services/ssr/assets/429-CguiRvkB.js                                  0.23 kB │ gzip:   0.17 kB
node_modules/.nitro/vite/services/ssr/assets/core-RrmWoKne.js                                 0.25 kB │ gzip:   0.18 kB
node_modules/.nitro/vite/services/ssr/assets/index.server-D13AHbod.js                         0.28 kB │ gzip:   0.22 kB
node_modules/.nitro/vite/services/ssr/assets/empty-plugin-adapters-BjjYwp1q.js                0.30 kB │ gzip:   0.20 kB
node_modules/.nitro/vite/services/ssr/assets/main-Odf1YRuQ.js                                 0.34 kB │ gzip:   0.26 kB
node_modules/.nitro/vite/services/ssr/assets/skeleton-D74_vLAD.js                             0.36 kB │ gzip:   0.26 kB
node_modules/.nitro/vite/services/ssr/assets/loader-circle-CptXVi4R.js                        0.40 kB │ gzip:   0.28 kB
node_modules/.nitro/vite/services/ssr/assets/bookings_._attendeeId.receipts-U49EmOeR.js       0.43 kB │ gzip:   0.25 kB
node_modules/.nitro/vite/services/ssr/assets/bookings_._attendeeId.vouchers-CURE_nmi.js       0.43 kB │ gzip:   0.25 kB
node_modules/.nitro/vite/services/ssr/assets/spinner-HmhZ6w3U.js                              0.43 kB │ gzip:   0.29 kB
node_modules/.nitro/vite/services/ssr/assets/tours_._tourId-C8hfTvmT.js                       0.44 kB │ gzip:   0.28 kB
node_modules/.nitro/vite/services/ssr/assets/_error-CpLajL4J.js                               0.45 kB │ gzip:   0.28 kB
node_modules/.nitro/vite/services/ssr/assets/clients_._clientId-DVf43h1d.js                   0.46 kB │ gzip:   0.28 kB
node_modules/.nitro/vite/services/ssr/assets/createServerRpc-D8DnDnAO.js                      0.46 kB │ gzip:   0.30 kB
node_modules/.nitro/vite/services/ssr/assets/bookings_._attendeeId.receipts-BJfm1gJ1.js       0.47 kB │ gzip:   0.29 kB
node_modules/.nitro/vite/services/ssr/assets/bookings_._attendeeId.vouchers-C5xJkSqG.js       0.47 kB │ gzip:   0.28 kB
node_modules/.nitro/vite/services/ssr/assets/forbidden-error--Xg2Rra6.js                      0.50 kB │ gzip:   0.33 kB
node_modules/.nitro/vite/services/ssr/assets/log-out-B_CTJGly.js                              0.50 kB │ gzip:   0.32 kB
node_modules/.nitro/vite/services/ssr/assets/bad-request-error-Q2pZu3t-.js                    0.51 kB │ gzip:   0.33 kB
node_modules/.nitro/vite/services/ssr/assets/not-found-error-DDd1DkZs.js                      0.51 kB │ gzip:   0.34 kB
node_modules/.nitro/vite/services/ssr/assets/ellipsis-BkIPJ8Z9.js                             0.53 kB │ gzip:   0.30 kB
node_modules/.nitro/vite/services/ssr/assets/too-many-requests-error-C0I9b6ZL.js              0.54 kB │ gzip:   0.35 kB
node_modules/.nitro/vite/services/ssr/assets/triangle-alert-BZguIwYL.js                       0.55 kB │ gzip:   0.35 kB
node_modules/.nitro/vite/services/ssr/assets/calendar-DIjc270e.js                             0.56 kB │ gzip:   0.34 kB
node_modules/.nitro/vite/services/ssr/assets/maintenance-error-CCmFZwKL.js                    0.57 kB │ gzip:   0.37 kB
node_modules/.nitro/vite/services/ssr/assets/general-error-BYvvPuyU.js                        0.57 kB │ gzip:   0.37 kB
node_modules/.nitro/vite/services/ssr/assets/unauthorized-error-BETvfu9h.js                   0.59 kB │ gzip:   0.37 kB
node_modules/.nitro/vite/services/ssr/assets/createSsrRpc-YBrk29gR.js                         0.60 kB │ gzip:   0.38 kB
node_modules/.nitro/vite/services/ssr/assets/users-CHfc2C2Z.js                                0.60 kB │ gzip:   0.36 kB
node_modules/.nitro/vite/services/ssr/assets/plus-CBohyjWW.js                                 0.69 kB │ gzip:   0.33 kB
node_modules/.nitro/vite/services/ssr/assets/eye-off-BEoqWTEz.js                              0.72 kB │ gzip:   0.41 kB
node_modules/.nitro/vite/services/ssr/assets/auth-functions-DHKjyOjr.js                       0.75 kB │ gzip:   0.41 kB
node_modules/.nitro/vite/services/ssr/assets/textarea-CC8P_GfJ.js                             0.88 kB │ gzip:   0.48 kB
node_modules/.nitro/vite/services/ssr/assets/badge-CE96pkVJ.js                                0.88 kB │ gzip:   0.47 kB
node_modules/.nitro/vite/services/ssr/assets/schema-xPOOSyUu.js                               1.00 kB │ gzip:   0.39 kB
node_modules/.nitro/vite/services/ssr/assets/kysely-migration-tables-JkVUjPF_-DYfj3qqm.js     1.05 kB │ gzip:   0.58 kB
node_modules/.nitro/vite/services/ssr/assets/_error-u7i20JBJ.js                               1.11 kB │ gzip:   0.51 kB
node_modules/.nitro/vite/services/ssr/assets/schema-DMzyN2p1.js                               1.11 kB │ gzip:   0.46 kB
node_modules/.nitro/vite/services/ssr/assets/schema-pD-Rmbum.js                               1.17 kB │ gzip:   0.47 kB
node_modules/.nitro/vite/services/ssr/assets/calculations-D8_bi8r7.js                         1.29 kB │ gzip:   0.46 kB
node_modules/.nitro/vite/services/ssr/assets/input-DA1iUdJR.js                                1.47 kB │ gzip:   0.63 kB
node_modules/.nitro/vite/services/ssr/assets/error-page-B0oNE-45.js                           1.53 kB │ gzip:   0.66 kB
node_modules/.nitro/vite/services/ssr/assets/functions-BD_zmNCf.js                            1.77 kB │ gzip:   0.75 kB
node_modules/.nitro/vite/services/ssr/assets/schema-BrPQy0bt.js                               1.79 kB │ gzip:   0.70 kB
node_modules/.nitro/vite/services/ssr/assets/schema-DXCb5pFS.js                               1.79 kB │ gzip:   0.61 kB
node_modules/.nitro/vite/services/ssr/assets/offline-d6g0M8u9.js                              2.04 kB │ gzip:   0.88 kB
node_modules/.nitro/vite/services/ssr/assets/masterkey-dialog-BhrAplQV.js                     2.04 kB │ gzip:   0.78 kB
node_modules/.nitro/vite/services/ssr/assets/card-DikidWnV.js                                 2.10 kB │ gzip:   0.69 kB
node_modules/.nitro/vite/services/ssr/assets/sqlite-adapter-B5hplUOP.js                       2.22 kB │ gzip:   0.84 kB
node_modules/.nitro/vite/services/ssr/assets/tooltip-gxwNe4KH.js                              2.53 kB │ gzip:   0.86 kB
node_modules/.nitro/vite/services/ssr/assets/sliders-horizontal-TcpVJD8h.js                   2.60 kB │ gzip:   0.67 kB
node_modules/.nitro/vite/services/ssr/assets/functions-C6EKA58r.js                            2.94 kB │ gzip:   1.21 kB
node_modules/.nitro/vite/services/ssr/assets/button-Bdphyhbu.js                               3.02 kB │ gzip:   1.04 kB
node_modules/.nitro/vite/services/ssr/assets/use-clients-CnrsFATK.js                          3.49 kB │ gzip:   1.11 kB
node_modules/.nitro/vite/services/ssr/assets/input-group-BkujaRN9.js                          3.69 kB │ gzip:   1.21 kB
node_modules/.nitro/vite/services/ssr/assets/field-Dz8TxdGK.js                                3.88 kB │ gzip:   1.29 kB
node_modules/.nitro/vite/services/ssr/assets/d1-sqlite-dialect-BLC8LXE6-Dgw6Z7ph.js           4.01 kB │ gzip:   1.51 kB
node_modules/.nitro/vite/services/ssr/assets/dropdown-menu-BMT8f0AO.js                        4.30 kB │ gzip:   1.25 kB
node_modules/.nitro/vite/services/ssr/assets/sheet-Bv2ShtS-.js                                4.32 kB │ gzip:   1.25 kB
node_modules/.nitro/vite/services/ssr/assets/alert-dialog-DbRPkHjC.js                         4.37 kB │ gzip:   1.17 kB
node_modules/.nitro/vite/services/ssr/assets/functions-vq2S7FF5.js                            4.38 kB │ gzip:   1.35 kB
node_modules/.nitro/vite/services/ssr/assets/bun-sqlite-dialect-BW9W1_Ps-CjZM7gN5.js          4.69 kB │ gzip:   1.69 kB
node_modules/.nitro/vite/services/ssr/assets/node-sqlite-dialect-DGNt4xbc.js                  4.69 kB │ gzip:   1.67 kB
node_modules/.nitro/vite/services/ssr/assets/functions-4AEfOA5y.js                            4.70 kB │ gzip:   1.64 kB
node_modules/.nitro/vite/services/ssr/assets/login-C56lyJ4F.js                                5.01 kB │ gzip:   1.78 kB
node_modules/.nitro/vite/services/ssr/assets/createLucideIcon-BkcQENto.js                     5.28 kB │ gzip:   1.28 kB
node_modules/.nitro/vite/services/ssr/assets/functions-CX9e5DwJ.js                            5.36 kB │ gzip:   1.66 kB
node_modules/.nitro/vite/services/ssr/assets/web-push-C-KQtPb9.js                             5.55 kB │ gzip:   1.86 kB
node_modules/.nitro/vite/services/ssr/assets/functions-U3kj3lo7.js                            5.86 kB │ gzip:   1.70 kB
node_modules/.nitro/vite/services/ssr/assets/client-sheet-DQIdHb8y.js                         6.34 kB │ gzip:   1.43 kB
node_modules/.nitro/vite/services/ssr/assets/_authenticated-CirRw88X.js                       6.40 kB │ gzip:   1.96 kB
node_modules/.nitro/vite/services/ssr/assets/settings-B21NXX3d.js                             7.63 kB │ gzip:   2.03 kB
node_modules/.nitro/vite/services/ssr/assets/table-DPJ7kxd3.js                                7.69 kB │ gzip:   2.14 kB
node_modules/.nitro/vite/services/ssr/assets/functions-CDlWrAwS.js                            8.12 kB │ gzip:   2.19 kB
node_modules/.nitro/vite/services/ssr/assets/popover-Ba9JOWJ4.js                              8.35 kB │ gzip:   2.39 kB
node_modules/.nitro/vite/services/ssr/assets/_tanstack-start-manifest_v-CGDfHXCD.js           8.90 kB │ gzip:   1.74 kB
node_modules/.nitro/vite/services/ssr/assets/functions-BZyCEv8K.js                           10.22 kB │ gzip:   2.52 kB
node_modules/.nitro/vite/services/ssr/assets/reminders-B1zYHxvc.js                           11.48 kB │ gzip:   3.05 kB
node_modules/.nitro/vite/services/ssr/assets/tour-attendee-sheet-DaWVQS6Q.js                 12.93 kB │ gzip:   2.97 kB
node_modules/.nitro/vite/services/ssr/assets/schema-BK3Chy0L.js                              13.54 kB │ gzip:   2.55 kB
node_modules/.nitro/vite/services/ssr/assets/functions-D52U6o17.js                           14.44 kB │ gzip:   4.77 kB
node_modules/.nitro/vite/services/ssr/assets/use-reminders-C54xatWj.js                       14.49 kB │ gzip:   3.77 kB
node_modules/.nitro/vite/services/ssr/assets/dist-CXy9q3gI.js                                14.62 kB │ gzip:   4.13 kB
node_modules/.nitro/vite/services/ssr/assets/tours_._tourId-jWuanBwf.js                      19.86 kB │ gzip:   4.59 kB
node_modules/.nitro/vite/services/ssr/assets/clients_._clientId-BUbeTxgd.js                  21.86 kB │ gzip:   5.12 kB
node_modules/.nitro/vite/services/ssr/assets/tours-CC4TS_Wq.js                               26.43 kB │ gzip:   6.32 kB
node_modules/.nitro/vite/services/ssr/assets/route-BWtcpjet.js                               28.61 kB │ gzip:   7.66 kB
node_modules/.nitro/vite/services/ssr/assets/auth-client-By4837ds.js                         30.19 kB │ gzip:   8.28 kB
node_modules/.nitro/vite/services/ssr/assets/router-8zwV7ybv.js                              31.06 kB │ gzip:   7.84 kB
node_modules/.nitro/vite/services/ssr/assets/clients-D_35vCrP.js                             31.59 kB │ gzip:   7.31 kB
node_modules/.nitro/vite/services/ssr/assets/itineraries-CppBrFuY.js                         42.13 kB │ gzip:  10.09 kB
node_modules/.nitro/vite/services/ssr/assets/default-query-compiler-uGxXxk2A.js              45.11 kB │ gzip:   7.91 kB
node_modules/.nitro/vite/services/ssr/assets/dist-BzlUJl2J.js                                48.41 kB │ gzip:  14.13 kB
node_modules/.nitro/vite/services/ssr/assets/bookings-CzOX3hP7.js                            69.09 kB │ gzip:  12.27 kB
node_modules/.nitro/vite/services/ssr/assets/factory-Dzk05EfI.js                             72.62 kB │ gzip:  15.83 kB
node_modules/.nitro/vite/services/ssr/index.js                                              186.51 kB │ gzip:  47.90 kB
node_modules/.nitro/vite/services/ssr/assets/dist-BELFVFHz.js                               206.06 kB │ gzip:  34.88 kB
node_modules/.nitro/vite/services/ssr/assets/compiled-query-4m_weJi-.js                     239.59 kB │ gzip:  39.33 kB
node_modules/.nitro/vite/services/ssr/assets/auth.server-CG7qyRaC.js                        663.59 kB │ gzip: 146.02 kB

[32m✓ built in 10.10s[39m

[90m[[90mnitro[90m][39m [35m◐[39m Building [[35mNitro[39m] [2m(preset: [36mnode-server[39m, compatibility: [36m2026-08-09[39m)[22m
[90m[[90mnitro[90m][39m [32m✔[39m Generated public [36m.output/public[39m
[36mvite v8.0.16 [32mbuilding nitro environment for production...[36m[39m
[2Ktransforming...✓ 1868 modules transformed.
[36mℹ[39m Tracing dependencies:
- [36mpg[39m (8.21.0)
- [36mpg-pool[39m (3.14.0)
- [36mpg-protocol[39m (1.14.0)
- [36mpg-types[39m (2.2.0)
- [36mpgpass[39m (1.0.5)
- [36mpg-connection-string[39m (2.13.0)
- [36mpg-cloudflare[39m (1.4.0)
- [36mpostgres-interval[39m (1.2.0)
- [36mpostgres-date[39m (1.0.7)
- [36mpostgres-array[39m (2.0.0)
- [36mpostgres-bytea[39m (1.0.1)
- [36mpg-int8[39m (1.0.1)
- [36msplit2[39m (4.2.0)
- [36mxtend[39m (4.0.2)
[32m✔[39m Traced 14 dependencies (54 files) in 2923ms.
[36mℹ[39m Ensure your production environment matches the builder OS and architecture ([36mwin32-x64[39m) to avoid native module issues.
rendering chunks...
computing gzip size...
.output/server/_ssr/kysely-adapter-BKPRfIZM.mjs                        0.13 kB │ gzip:   0.10 kB
.output/server/_ssr/start-CkKQdpwB.mjs                                 0.14 kB │ gzip:   0.13 kB
.output/server/_ssr/500-DilwYoJH.mjs                                   0.22 kB │ gzip:   0.17 kB
.output/server/_ssr/404-DMukermB.mjs                                   0.22 kB │ gzip:   0.18 kB
.output/server/_ssr/empty-plugin-adapters-BjjYwp1q.mjs                 0.23 kB │ gzip:   0.16 kB
.output/server/_ssr/403-Ds8QJYYk.mjs                                   0.23 kB │ gzip:   0.18 kB
.output/server/_ssr/400-CFxoXmVx.mjs                                   0.23 kB │ gzip:   0.18 kB
.output/server/_ssr/503-BZm5abGM.mjs                                   0.23 kB │ gzip:   0.18 kB
.output/server/_ssr/401-CZAK_Xqe.mjs                                   0.24 kB │ gzip:   0.18 kB
.output/server/_ssr/429-CguiRvkB.mjs                                   0.25 kB │ gzip:   0.19 kB
.output/server/_ssr/core-RrmWoKne.mjs                                  0.25 kB │ gzip:   0.20 kB
.output/server/_ssr/utils-C_uf36nf.mjs                                 0.29 kB │ gzip:   0.21 kB
.output/server/_ssr/index.server-D13AHbod.mjs                          0.34 kB │ gzip:   0.25 kB
.output/server/_ssr/createServerRpc-D8DnDnAO.mjs                       0.38 kB │ gzip:   0.26 kB
.output/server/_ssr/loader-circle-CptXVi4R.mjs                         0.48 kB │ gzip:   0.33 kB
.output/server/_ssr/bookings_._attendeeId.receipts-U49EmOeR.mjs        0.49 kB │ gzip:   0.30 kB
.output/server/_ssr/bookings_._attendeeId.vouchers-CURE_nmi.mjs        0.49 kB │ gzip:   0.29 kB
.output/server/_ssr/main-Odf1YRuQ.mjs                                  0.49 kB │ gzip:   0.33 kB
.output/server/_ssr/_error-CpLajL4J.mjs                                0.50 kB │ gzip:   0.33 kB
.output/server/_ssr/skeleton-D74_vLAD.mjs                              0.50 kB │ gzip:   0.33 kB
.output/server/_ssr/tours_._tourId-C8hfTvmT.mjs                        0.50 kB │ gzip:   0.33 kB
.output/server/_ssr/clients_._clientId-DVf43h1d.mjs                    0.52 kB │ gzip:   0.33 kB
.output/server/_ssr/createSsrRpc-YBrk29gR.mjs                          0.52 kB │ gzip:   0.33 kB
.output/server/_ssr/spinner-HmhZ6w3U.mjs                               0.58 kB │ gzip:   0.37 kB
.output/server/_ssr/log-out-B_CTJGly.mjs                               0.58 kB │ gzip:   0.38 kB
.output/server/_ssr/bookings_._attendeeId.receipts-BJfm1gJ1.mjs        0.59 kB │ gzip:   0.33 kB
.output/server/_ssr/bookings_._attendeeId.vouchers-C5xJkSqG.mjs        0.59 kB │ gzip:   0.33 kB
.output/server/_ssr/ellipsis-BkIPJ8Z9.mjs                              0.61 kB │ gzip:   0.35 kB
.output/server/_ssr/triangle-alert-BZguIwYL.mjs                        0.64 kB │ gzip:   0.40 kB
.output/server/_ssr/calendar-DIjc270e.mjs                              0.64 kB │ gzip:   0.39 kB
.output/server/_ssr/users-CHfc2C2Z.mjs                                 0.67 kB │ gzip:   0.41 kB
.output/server/_ssr/forbidden-error--Xg2Rra6.mjs                       0.70 kB │ gzip:   0.40 kB
.output/server/_ssr/bad-request-error-Q2pZu3t-.mjs                     0.71 kB │ gzip:   0.41 kB
.output/server/_ssr/not-found-error-DDd1DkZs.mjs                       0.71 kB │ gzip:   0.41 kB
.output/server/_ssr/too-many-requests-error-C0I9b6ZL.mjs               0.73 kB │ gzip:   0.42 kB
.output/server/_ssr/maintenance-error-CCmFZwKL.mjs                     0.76 kB │ gzip:   0.44 kB
.output/server/_ssr/plus-CBohyjWW.mjs                                  0.77 kB │ gzip:   0.38 kB
.output/server/_ssr/general-error-BYvvPuyU.mjs                         0.77 kB │ gzip:   0.44 kB
.output/server/_ssr/auth-functions-DHKjyOjr.mjs                        0.78 kB │ gzip:   0.44 kB
.output/server/_ssr/unauthorized-error-BETvfu9h.mjs                    0.78 kB │ gzip:   0.44 kB
.output/server/_ssr/eye-off-BEoqWTEz.mjs                               0.79 kB │ gzip:   0.47 kB
.output/server/_ssr/kysely-migration-tables-JkVUjPF_-DYfj3qqm.mjs      0.98 kB │ gzip:   0.55 kB
.output/server/_ssr/textarea-CC8P_GfJ.mjs                              1.03 kB │ gzip:   0.55 kB
.output/server/_ssr/schema-xPOOSyUu.mjs                                1.04 kB │ gzip:   0.43 kB
.output/server/_ssr/badge-CE96pkVJ.mjs                                 1.06 kB │ gzip:   0.55 kB
.output/server/_ssr/schema-DMzyN2p1.mjs                                1.18 kB │ gzip:   0.51 kB
.output/server/_ssr/_error-u7i20JBJ.mjs                                1.23 kB │ gzip:   0.55 kB
.output/server/_libs/hookable.mjs                                      1.23 kB │ gzip:   0.57 kB
.output/server/_ssr/schema-pD-Rmbum.mjs                                1.24 kB │ gzip:   0.52 kB
.output/server/_ssr/calculations-D8_bi8r7.mjs                          1.31 kB │ gzip:   0.49 kB
.output/server/_ssr/input-DA1iUdJR.mjs                                 1.52 kB │ gzip:   0.69 kB
.output/server/_runtime.mjs                                            1.53 kB │ gzip:   0.73 kB
.output/server/_ssr/functions-BD_zmNCf.mjs                             1.81 kB │ gzip:   0.79 kB
.output/server/_ssr/schema-DXCb5pFS.mjs                                1.83 kB │ gzip:   0.66 kB
.output/server/_ssr/error-page-B0oNE-45.mjs                            1.86 kB │ gzip:   0.74 kB
.output/server/_ssr/schema-BrPQy0bt.mjs                                1.87 kB │ gzip:   0.76 kB
.output/server/_ssr/sqlite-adapter-B5hplUOP.mjs                        1.97 kB │ gzip:   0.82 kB
.output/server/_ssr/offline-d6g0M8u9.mjs                               2.27 kB │ gzip:   0.94 kB
.output/server/_ssr/card-DikidWnV.mjs                                  2.37 kB │ gzip:   0.76 kB
.output/server/_ssr/masterkey-dialog-BhrAplQV.mjs                      2.58 kB │ gzip:   0.90 kB
.output/server/_ssr/sliders-horizontal-TcpVJD8h.mjs                    2.68 kB │ gzip:   0.72 kB
.output/server/_ssr/tooltip-gxwNe4KH.mjs                               2.91 kB │ gzip:   0.97 kB
.output/server/_ssr/functions-C6EKA58r.mjs                             3.03 kB │ gzip:   1.26 kB
.output/server/_ssr/button-Bdphyhbu.mjs                                3.15 kB │ gzip:   1.11 kB
.output/server/_libs/clsx+class-variance-authority.mjs                 3.25 kB │ gzip:   1.27 kB
.output/server/_ssr/use-clients-CnrsFATK.mjs                           3.54 kB │ gzip:   1.15 kB
.output/server/_ssr/input-group-BkujaRN9.mjs                           3.91 kB │ gzip:   1.28 kB
.output/server/_ssr/d1-sqlite-dialect-BLC8LXE6-Dgw6Z7ph.mjs            3.94 kB │ gzip:   1.48 kB
.output/server/_ssr/field-Dz8TxdGK.mjs                                 4.23 kB │ gzip:   1.38 kB
.output/server/_ssr/createLucideIcon-BkcQENto.mjs                      4.39 kB │ gzip:   1.31 kB
.output/server/_ssr/functions-vq2S7FF5.mjs                             4.45 kB │ gzip:   1.40 kB
.output/server/_chunks/_libs/@tanstack/react-router-ssr-query.mjs      4.50 kB │ gzip:   1.43 kB
.output/server/_ssr/bun-sqlite-dialect-BW9W1_Ps-CjZM7gN5.mjs           4.62 kB │ gzip:   1.66 kB
.output/server/_ssr/node-sqlite-dialect-DGNt4xbc.mjs                   4.62 kB │ gzip:   1.64 kB
.output/server/_ssr/functions-4AEfOA5y.mjs                             4.81 kB │ gzip:   1.69 kB
.output/server/_ssr/sheet-Bv2ShtS-.mjs                                 4.85 kB │ gzip:   1.37 kB
.output/server/_ssr/alert-dialog-DbRPkHjC.mjs                          4.88 kB │ gzip:   1.29 kB
.output/server/_ssr/dropdown-menu-BMT8f0AO.mjs                         4.89 kB │ gzip:   1.38 kB
.output/server/_ssr/functions-CX9e5DwJ.mjs                             5.41 kB │ gzip:   1.71 kB
.output/server/_ssr/web-push-C-KQtPb9.mjs                              5.60 kB │ gzip:   1.91 kB
.output/server/_ssr/login-C56lyJ4F.mjs                                 5.77 kB │ gzip:   1.88 kB
.output/server/_ssr/functions-U3kj3lo7.mjs                             5.93 kB │ gzip:   1.75 kB
.output/server/_chunks/_libs/@tanstack/devtools-event-client.mjs       6.76 kB │ gzip:   1.72 kB
.output/server/_ssr/_authenticated-CirRw88X.mjs                        7.15 kB │ gzip:   2.01 kB
.output/server/_ssr/client-sheet-DQIdHb8y.mjs                          7.35 kB │ gzip:   1.55 kB
.output/server/_chunks/_libs/@tanstack/react-query.mjs                 7.78 kB │ gzip:   1.97 kB
.output/server/_ssr/functions-CDlWrAwS.mjs                             8.22 kB │ gzip:   2.24 kB
.output/server/_ssr/table-DPJ7kxd3.mjs                                 8.63 kB │ gzip:   2.30 kB
.output/server/_ssr/popover-Ba9JOWJ4.mjs                               8.95 kB │ gzip:   2.52 kB
.output/server/_ssr/_tanstack-start-manifest_v-CGDfHXCD.mjs            8.95 kB │ gzip:   1.78 kB
.output/server/_ssr/settings-B21NXX3d.mjs                              9.01 kB │ gzip:   2.15 kB
.output/server/_ssr/functions-BZyCEv8K.mjs                            10.29 kB │ gzip:   2.57 kB
.output/server/_chunks/_libs/@tanstack/history.mjs                    10.71 kB │ gzip:   3.13 kB
.output/server/_chunks/_libs/@date-fns/tz.mjs                         11.73 kB │ gzip:   3.35 kB
.output/server/_chunks/_libs/@tanstack/react-form.mjs                 11.78 kB │ gzip:   2.41 kB
.output/server/_ssr/schema-BK3Chy0L.mjs                               12.90 kB │ gzip:   2.51 kB
.output/server/_ssr/reminders-B1zYHxvc.mjs                            13.33 kB │ gzip:   3.16 kB
.output/server/_ssr/functions-D52U6o17.mjs                            14.43 kB │ gzip:   4.81 kB
.output/server/_ssr/tour-attendee-sheet-DaWVQS6Q.mjs                  14.48 kB │ gzip:   3.10 kB
.output/server/_ssr/dist-CXy9q3gI.mjs                                 14.55 kB │ gzip:   4.10 kB
.output/server/_ssr/use-reminders-C54xatWj.mjs                        16.22 kB │ gzip:   3.88 kB
.output/server/_libs/h3+rou3+srvx.mjs                                 22.52 kB │ gzip:   6.12 kB
.output/server/_ssr/tours_._tourId-jWuanBwf.mjs                       22.53 kB │ gzip:   4.69 kB
.output/server/_chunks/_libs/@pushforge/builder.mjs                   22.89 kB │ gzip:   6.42 kB
.output/server/_ssr/clients_._clientId-BUbeTxgd.mjs                   24.32 kB │ gzip:   5.21 kB
.output/server/_ssr/auth-client-By4837ds.mjs                          28.08 kB │ gzip:   8.13 kB
.output/server/_ssr/tours-CC4TS_Wq.mjs                                29.88 kB │ gzip:   6.45 kB
.output/server/_ssr/route-BWtcpjet.mjs                                30.25 kB │ gzip:   7.67 kB
.output/server/_ssr/router-8zwV7ybv.mjs                               30.63 kB │ gzip:   7.79 kB
.output/server/_ssr/clients-D_35vCrP.mjs                              36.00 kB │ gzip:   7.48 kB
.output/server/_ssr/default-query-compiler-uGxXxk2A.mjs               43.72 kB │ gzip:   7.83 kB
.output/server/_ssr/itineraries-CppBrFuY.mjs                          45.79 kB │ gzip:  10.20 kB
.output/server/_ssr/dist-BzlUJl2J.mjs                                 46.95 kB │ gzip:  13.89 kB
.output/server/_libs/sonner.mjs                                       51.99 kB │ gzip:  11.80 kB
.output/server/index.mjs                                              58.02 kB │ gzip:  15.87 kB
.output/server/_ssr/factory-Dzk05EfI.mjs                              69.16 kB │ gzip:  15.51 kB
.output/server/_chunks/_libs/@tanstack/query-core.mjs                 71.55 kB │ gzip:  14.96 kB
.output/server/_ssr/bookings-CzOX3hP7.mjs                             77.10 kB │ gzip:  14.14 kB
.output/server/_libs/tailwind-merge.mjs                               88.17 kB │ gzip:  15.68 kB
.output/server/_chunks/_libs/@tanstack/react-table.mjs               100.96 kB │ gzip:  19.68 kB
.output/server/_libs/date-fns.mjs                                    107.26 kB │ gzip:  18.74 kB
.output/server/_chunks/_libs/@tanstack/form-core.mjs                 111.96 kB │ gzip:  20.78 kB
.output/server/_libs/zod.mjs                                         133.87 kB │ gzip:  25.88 kB
.output/server/_libs/react-day-picker.mjs                            141.91 kB │ gzip:  26.50 kB
.output/server/_ssr/ssr.mjs                                          179.75 kB │ gzip:  47.08 kB
.output/server/_libs/drizzle-orm.mjs                                 184.57 kB │ gzip:  35.05 kB
.output/server/_ssr/dist-BELFVFHz.mjs                                195.05 kB │ gzip:  33.95 kB
.output/server/_ssr/compiled-query-4m_weJi-.mjs                      225.92 kB │ gzip:  38.28 kB
.output/server/_chunks/_libs/@base-ui/react.mjs                      557.82 kB │ gzip: 116.02 kB
.output/server/_ssr/auth.server-CG7qyRaC.mjs                         638.83 kB │ gzip: 143.51 kB
.output/server/_chunks/_libs/@tanstack/react-router.mjs              660.70 kB │ gzip: 137.76 kB
.output/server/_chunks/_libs/@libpdf/core.mjs                      2,026.03 kB │ gzip: 424.19 kB

[32m✓ built in 11.09s[39m
[36mℹ[39m Generated [36m.output/nitro.json[39m

[90m[[90mnitro[90m][39m [32m✔[39m You can preview this build using [36mnode .output/server/index.mjs[39m
